// Jest Snapshot v1, https://goo.gl/fbAQLP

exports[`App renders correctly 1`] = `
Array [
  <div
    className="house"
  >
    <div
      className="container"
    >
      <div
        className="header"
      >
        <h1>
          The Meal Guide
        </h1>
      </div>
      <div
        className="form"
      >
        <div
          className="search"
        >
          <input
            className="searchBox"
            name="findMeal"
            onChange={[Function]}
            placeholder="Search meal"
            type="text"
          />
        </div>
        <div
          className="input"
        >
          <select
            className="singleInput"
            id="mealCategory"
            name="mealCategory"
            onChange={[Function]}
          >
            <option
              value="Breakfast"
            >
              Breakfast
            </option>
            <option
              value="Lunch"
            >
              Lunch
            </option>
            <option
              value="Dinner"
            >
              Dinner
            </option>
            <option
              value="Snack"
            >
              Snack
            </option>
            <option
              value="Teatime"
            >
              Teatime
            </option>
          </select>
          <select
            className="singleInput"
            id="dishCategory"
            name="dishCategory"
            onChange={[Function]}
          >
            <option
              value="Alcohol-cocktail"
            >
              Alcohol-cocktail
            </option>
            <option
              value="Biscuits and cookies"
            >
              Biscuits and cookies
            </option>
            <option
              value="Bread"
            >
              Bread
            </option>
            <option
              value="Cereals"
            >
              Cereals
            </option>
            <option
              value="Condiments and Sauces"
            >
              Condiments and Sauces
            </option>
            <option
              value="Drinks"
            >
              Drinks
            </option>
            <option
              value="Desserts"
            >
              Desserts
            </option>
            <option
              value="Egg"
            >
              Egg
            </option>
            <option
              value="Main course"
            >
              Main course
            </option>
            <option
              value="Omlet"
            >
              Omlet
            </option>
            <option
              value="Pancake"
            >
              Pancake
            </option>
            <option
              value="Preps"
            >
              Preps
            </option>
            <option
              value="Preserve"
            >
              Preserve
            </option>
            <option
              value="Salad"
            >
              Salad
            </option>
            <option
              value="Sandwiches"
            >
              Sandwiches
            </option>
            <option
              value="Soup"
            >
              Soup
            </option>
            <option
              value="Starter"
            >
              Starter
            </option>
          </select>
          <select
            className="singleInput"
            id="cuisineCategory"
            name="cuisineCategory"
            onChange={[Function]}
          >
            <option
              value="American"
            >
              American
            </option>
            <option
              value="Asian"
            >
              Asian
            </option>
            <option
              value="British"
            >
              British
            </option>
            <option
              value="Caribbean"
            >
              Caribbean
            </option>
            <option
              value="Central Europe"
            >
              Central Europe
            </option>
            <option
              value="Chinese"
            >
              Chinese
            </option>
            <option
              value="Eastern Europe"
            >
              Eastern Europe
            </option>
            <option
              value="French"
            >
              French
            </option>
            <option
              value="Indian"
            >
              Indian
            </option>
            <option
              value="Italian"
            >
              Italian
            </option>
            <option
              value="Japanese"
            >
              Japanese
            </option>
            <option
              value="Kosher"
            >
              Kosher
            </option>
            <option
              value="Mediterranean"
            >
              Mediterranean
            </option>
            <option
              value="Mexican"
            >
              Mexican
            </option>
            <option
              value="Middle Eastern"
            >
              Middle Eastern
            </option>
            <option
              value="Nordic"
            >
              Nordic
            </option>
            <option
              value="South Amerian"
            >
              South Amerian
            </option>
            <option
              value="South East Asian"
            >
              South East Asian
            </option>
          </select>
        </div>
        <button
          className="btn"
          id="btn"
          onClick={[Function]}
          type="submit"
        >
          Search
        </button>
      </div>
    </div>
  </div>,
  <div>
    <div>
      <div
        className="listGrid"
      />
    </div>
  </div>,
]
`;
